// Jest Snapshot v1, https://goo.gl/fbAQLP

exports[`renders homepage unchanged 1`] = `
<div>
  <div>
    <h1>
      QR Code Image Generator
    </h1>
    <form>
      <label>
        Name
        <input
          id="name"
          name="name"
          type="text"
          value="Daniel"
        />
        <br />
      </label>
      <label>
        LinkedIn URL
        <input
          class="cards"
          id="linkedin"
          name="linkedin"
          type="text"
          value="https://linkedin.com/in/danielfcollier"
        />
        <br />
      </label>
      <label>
        GitHub URL
        <input
          class="cards"
          id="github"
          name="github"
          type="text"
          value="https://github.com/danielfcollier"
        />
        <br />
      </label>
      <input
        type="submit"
        value="Generate Image"
      />
    </form>
  </div>
</div>
`;
